// Jest Snapshot v1, https://goo.gl/fbAQLP

exports[`CoolRepoDetails renders without crashing 1`] = `null`;

exports[`FollowersList renders without crashing 1`] = `null`;

exports[`FollowingList renders without crashing 1`] = `null`;

exports[`Login renders without crashing 1`] = `
<View
  style={
    Object {
      "flex": 1,
    }
  }
>
  <Image
    resizeMode="stretch"
    source={
      Object {
        "testUri": "../../../images/background.jpg",
      }
    }
    style={
      Array [
        Object {
          "bottom": 0,
          "left": 0,
          "position": "absolute",
          "right": 0,
          "top": 0,
        },
        Object {
          "height": undefined,
          "width": undefined,
        },
        undefined,
      ]
    }
  />
  <RCTScrollView
    style={
      Object {
        "flex": 1,
        "padding": 20,
      }
    }
  >
    <View>
      <View
        style={
          Object {
            "alignItems": "center",
            "flex": 20,
          }
        }
      >
        <Text
          accessible={true}
          allowFontScaling={true}
          ellipsizeMode="tail"
          style={
            Object {
              "fontFamily": "Avenir",
              "fontSize": 27,
              "fontWeight": "bold",
              "paddingBottom": 25,
            }
          }
        >
           Git My Hub 
        </Text>
        <Image
          source={
            Object {
              "testUri": "../../../images/github-512.png",
            }
          }
          style={
            Object {
              "height": 200,
              "paddingBottom": 50,
              "width": 200,
            }
          }
        />
      </View>
      <View
        style={
          Object {
            "flex": 2,
          }
        }
      >
        <TextInput
          allowFontScaling={true}
          autoCapitalize="none"
          blurOnSubmit={true}
          onChangeText={[Function]}
          placeholder="Username"
          selectTextOnFocus={true}
          style={
            Object {
              "alignItems": "center",
              "borderBottomColor": "black",
              "borderBottomWidth": 1,
              "borderRadius": 8,
              "fontSize": 18,
              "paddingTop": 20,
            }
          }
        />
        <TextInput
          allowFontScaling={true}
          autoCapitalize="none"
          onChangeText={[Function]}
          onEnter={[Function]}
          placeholder="Password"
          secureTextEntry={true}
          selectTextOnFocus={true}
          style={
            Object {
              "alignItems": "center",
              "borderBottomColor": "black",
              "borderBottomWidth": 1,
              "borderRadius": 8,
              "fontSize": 18,
              "paddingTop": 20,
            }
          }
        />
        <View
          style={
            Object {
              "margin": 7,
            }
          }
        />
        <View
          accessibilityComponentType={undefined}
          accessibilityLabel={undefined}
          accessibilityTraits={undefined}
          accessible={true}
          collapsable={undefined}
          hasTVPreferredFocus={undefined}
          hitSlop={undefined}
          isTVSelectable={true}
          nativeID={undefined}
          onLayout={undefined}
          onResponderGrant={[Function]}
          onResponderMove={[Function]}
          onResponderRelease={[Function]}
          onResponderTerminate={[Function]}
          onResponderTerminationRequest={[Function]}
          onStartShouldSetResponder={[Function]}
          style={
            Object {
              "backgroundColor": "#f5f5f5",
              "borderRadius": 4,
              "opacity": 1,
              "padding": 10,
            }
          }
          testID={undefined}
          tvParallaxProperties={undefined}
        >
          <Text
            accessible={true}
            allowFontScaling={true}
            ellipsizeMode="tail"
            style={
              Object {
                "color": "black",
                "fontSize": 20,
                "textAlign": "center",
              }
            }
          >
            Login
          </Text>
        </View>
        <View
          style={
            Object {
              "margin": 7,
            }
          }
        />
        <ActivityIndicator
          animating={false}
          color="#0000ff"
          hidesWhenStopped={true}
          size="large"
        />
      </View>
    </View>
  </RCTScrollView>
</View>
`;

exports[`MyGitHub renders without crashing 1`] = `
<ActivityIndicator
  animating={true}
  color="#0000ff"
  hidesWhenStopped={true}
  size="large"
/>
`;

exports[`NotificationsList renders without crashing 1`] = `null`;

exports[`RepoList renders without crashing 1`] = `
<View
  style={
    Array [
      Object {
        "backgroundColor": "#ffffff",
        "borderColor": "#bbb",
        "borderTopWidth": 1,
        "marginTop": 20,
      },
      undefined,
    ]
  }
>
  <View
    style={
      Array [
        Object {
          "backgroundColor": "#393e42",
          "borderBottomColor": "#000",
          "borderBottomWidth": 1,
          "borderTopColor": "#000",
          "borderTopWidth": 1,
        },
        false,
        undefined,
      ]
    }
  >
    <TextInput
      allowFontScaling={true}
      autoCapitalize="none"
      cancelButtonTitle="Cancel"
      onChangeText={[Function]}
      placeholder="Search"
      placeholderTextColor="#86939e"
      platform="ios"
      style={
        Array [
          Object {
            "backgroundColor": "#303337",
            "borderRadius": 3,
            "color": "#86939e",
            "fontSize": 17.5,
            "height": 30,
            "margin": 8,
            "overflow": "hidden",
            "paddingLeft": 26,
            "paddingRight": 19,
          },
          false,
          false,
          false,
          undefined,
          undefined,
          false,
        ]
      }
      underlineColorAndroid="transparent"
    />
    <Text
      accessible={true}
      allowFontScaling={false}
      ellipsizeMode="tail"
      style={
        Array [
          Object {
            "color": "#86939e",
            "fontSize": 16,
          },
          Array [
            Object {
              "backgroundColor": "transparent",
              "position": "absolute",
              "top": 15.5,
            },
            Object {
              "left": 16,
            },
            undefined,
          ],
          Object {
            "fontFamily": "Material Icons",
            "fontStyle": "normal",
            "fontWeight": "normal",
          },
        ]
      }
    >
      
    </Text>
  </View>
  <RCTScrollView
    data={Array []}
    disableVirtualization={false}
    getItem={[Function]}
    getItemCount={[Function]}
    horizontal={false}
    initialNumToRender={10}
    keyExtractor={[Function]}
    maxToRenderPerBatch={10}
    numColumns={1}
    onContentSizeChange={[Function]}
    onEndReachedThreshold={2}
    onLayout={[Function]}
    onMomentumScrollEnd={[Function]}
    onScroll={[Function]}
    onScrollBeginDrag={[Function]}
    onScrollEndDrag={[Function]}
    renderItem={[Function]}
    scrollEventThrottle={50}
    stickyHeaderIndices={Array []}
    updateCellsBatchingPeriod={50}
    viewabilityConfigCallbackPairs={Array []}
    windowSize={21}
  >
    <View />
  </RCTScrollView>
</View>
`;
